
===== 2026-09-24 =====
https://www.olx.ua/d/uk/obyavlenie/prodamo-dachu-fed-blya-okko-IDZhaTm.html
Бот показал: ❓ Санузел в доме | ❓ Газ/отопление | ❓ Вода | ❓ Свет | ✅ Документы | ❓ не указано | ❓ не указано
Текст объявления:
Продамо дачу ФЕД біля Окко
Продам дачу в кооперативі ФЕД, біля заправки ОККО (є зупинка громадського транспорту за рік )

Будинку на ділянці немає 

Майже 6 соток землі 

Неприватизована 

На ділянці є погріб , побутівка та будка для інструментів . 

Є полив згідно з графіком 

Встановлений паркан з вулиці з можливістю заїзду на ділянку автомобілем
Відстань до найближчого міста: до 5 км.
Поверховість: 1
Загальна площа: 600 м²
Кількість кімнат: 1
Площа ділянки: 6 соток
Тип будинку: Дача
Меблювання: Ні
